Error type A at Line 4: Illegal identifier starting with digits:  3_wrong_id
Program (1)
  ExtDefList (1)
    ExtDef (1)
      Specifier (1)
        TYPE: int
      FunDec (1)
        ID: test_1_r06
        LP
        RP
      CompSt (2)
        LC
        DefList (3)
          Def (3)
            Specifier (3)
              TYPE: int
            DecList (3)
              Dec (3)
                VarDec (3)
                  ID: right_id_1
              COMMA
              DecList (3)
                Dec (3)
                  VarDec (3)
                    ID: _right_id_2
            SEMI
          DefList (4)
            Def (4)
              Specifier (4)
                TYPE: float
              DecList (4)
                Dec (4)
                  VarDec (4)
                    ID: 3_wrong_id
              SEMI
        RC
