Error type B at Line 9: Missing closing parenthesis ')' 
Error type B at Line 12: Missing right parenthesis ')' 
Program (1)
  ExtDefList (1)
    ExtDef (1)
      Specifier (1)
        TYPE: int
      FunDec (1)
        ID: func_1
        LP
        VarList (1)
          ParamDec (1)
            Specifier (1)
              TYPE: int
            VarDec (1)
              ID: a
        RP
      CompSt (2)
        LC
        StmtList (3)
          Stmt (3)
            RETURN
            Exp (3)
              Exp (3)
                INT: 3
              MUL
              Exp (3)
                ID: a
            SEMI
        RC
    ExtDefList (5)
      ExtDef (5)
        Specifier (5)
          TYPE: int
        FunDec (5)
          ID: func_2
          LP
          VarList (5)
            ParamDec (5)
              Specifier (5)
                TYPE: int
              VarDec (5)
                ID: x
            COMMA
            VarList (5)
              ParamDec (5)
                Specifier (5)
                  TYPE: int
                VarDec (5)
                  ID: y
          RP
        CompSt (6)
          LC
          StmtList (7)
            Stmt (7)
              RETURN
              Exp (7)
                Exp (7)
                  ID: x
                PLUS
                Exp (7)
                  ID: y
              SEMI
          RC
      ExtDefList (9)
        ExtDef (9)
          Specifier (9)
            TYPE: int
          FunDec (9)
          CompSt (10)
            LC
            DefList (11)
              Def (11)
                Specifier (11)
                  TYPE: int
                DecList (11)
                  Dec (11)
                    VarDec (11)
                      ID: a
                  COMMA
                  DecList (11)
                    Dec (11)
                      VarDec (11)
                        ID: b
                    COMMA
                    DecList (11)
                      Dec (11)
                        VarDec (11)
                          ID: c
                SEMI
            StmtList (12)
              Stmt (12)
                Exp (12)
                  Exp (12)
                    ID: c
                  ASSIGN
                  Exp (12)
                SEMI
              StmtList (13)
                Stmt (13)
                  RETURN
                  Exp (13)
                    ID: c
                  SEMI
            RC
