Program (1)
  ExtDefList (1)
    ExtDef (1)
      Specifier (1)
        TYPE: int
      FunDec (1)
        ID: main
        LP
        RP
      CompSt (2)
        LC
        DefList (3)
          Def (3)
            Specifier (3)
              TYPE: int
            DecList (3)
              Dec (3)
                VarDec (3)
                  ID: a
                ASSIGN
                Exp (3)
                  INT: 0
            SEMI
          DefList (4)
            Def (4)
              Specifier (4)
                TYPE: int
              DecList (4)
                Dec (4)
                  VarDec (4)
                    ID: b
                  ASSIGN
                  Exp (4)
                    INT: 0
              SEMI
            DefList (6)
              Def (6)
                Specifier (6)
                  TYPE: int
                DecList (6)
                  Dec (6)
                    VarDec (6)
                      ID: c
                    ASSIGN
                    Exp (6)
                      INT: 233
                SEMI
              DefList (10)
                Def (10)
                  Specifier (10)
                    TYPE: int
                  DecList (10)
                    Dec (10)
                      VarDec (10)
                        ID: d
                      ASSIGN
                      Exp (10)
                        ID: c
                  SEMI
        RC
