test/test_12110804_1.spl:4:3: [31merror:[0m cannot interleave definitions with statements.  [[31mB[0m]
       4 |  [31ma = 10;[0m
         |  [31m^~~~~~~[0m
